<?xml version="1.0" encoding="UTF-8"?>
<testsuites name="Mocha Tests" time="0.0010" tests="1" failures="0">
  <testsuite name="Root Suite" timestamp="2020-11-12T15:55:50" tests="0" time="0.0000" failures="0">
  </testsuite>
  <testsuite name="addファンクションの単体テスト" timestamp="2020-11-12T15:55:50" tests="1" file="/Users/yamamotohiro/Work/nodePro/formTest.js" time="0.0010" failures="0">
    <testcase name="addファンクションの単体テスト add(1, 1) = 2" time="0.0010" classname="add(1, 1) = 2">
    </testcase>
  </testsuite>
</testsuites>